
[lineage attempt 1/4]
[gen 1/5] add_term
[gen 2/5] add_term
[gen 3/5] change_assumption
[gen 4/5] change_assumption
      retry 1: EvolvedEquationValidationError: ODE time_symbol must have V role
[gen 5/5] add_term
[novelty at gen 5]
[gen 6/5] change_assumption
[novelty at gen 6]
[gen 7/5] add_term
[novelty at gen 7]
[gen 8/5] change_assumption
      retry 1: EvolvedEquationValidationError: ODE systems must contain 1-4 states
      retry 2: EvolvedEquationValidationError: ODE symbols declared but unused by every state RHS: delta
      retry 3: EvolvedEquationValidationError: ODE systems must contain 1-4 states
[novelty at gen 8]
[gen 9/5] change_assumption
      retry 1: EvolvedEquationValidationError: ODE systems must contain 1-4 states
[novelty at gen 9]
[gen 10/5] add_term
[novelty at gen 10]
[gen 11/5] add_term
[novelty at gen 11]
[gen 12/5] add_term
[novelty at gen 12]
[gen 13/5] change_assumption
      retry 1: EvolvedEquationValidationError: ODE systems must contain 1-4 states
      retry 2: EvolvedEquationValidationError: ODE symbols declared but unused by every state RHS: omega0_sq
[novelty at gen 13]
[gen 14/5] add_term
[novelty at gen 14]
[gen 15/5] add_term
[novelty at gen 15]

[lineage attempt 2/4]
[gen 1/5] change_assumption
      retry 1: EvolvedEquationValidationError: ODE symbols declared but unused by every state RHS: gamma
      retry 2: EvolvedEquationValidationError: missing suggested range for new symbols: S
[gen 2/5] add_term
[gen 3/5] add_term
[gen 4/5] add_term
[gen 5/5] add_term
[novelty at gen 5]
[gen 6/5] change_assumption
[novelty at gen 6]
[gen 7/5] add_term
[novelty at gen 7]
[gen 8/5] add_term
[novelty at gen 8]
[gen 9/5] add_term
[novelty at gen 9]
[gen 10/5] change_assumption
      retry 1: EvolvedEquationValidationError: ODE systems must contain 1-4 states
      retry 2: EvolvedEquationValidationError: symbols / symbol_descriptions / symbol_properties must have the same length
      retry 3: EvolvedEquationValidationError: ODE systems must contain 1-4 states
[novelty at gen 10]
[gen 11/5] change_assumption
      retry 1: EvolvedEquationValidationError: ODE systems must contain 1-4 states
      retry 2: EvolvedEquationValidationError: ODE S symbols must exactly match ode_system states; got ['P', 'S', 'W', 'u'], expected ['P', 'S', 'q', 'u']
      retry 3: EvolvedEquationValidationError: ODE systems must contain 1-4 states
REJECT pipeline error: EvolvedEquationValidationError: ODE symbols declared but unused by every state RHS: tau_S

[lineage attempt 3/4]
[gen 1/5] change_assumption
[gen 2/5] add_term
[gen 3/5] add_term
[gen 4/5] add_term
[gen 5/5] change_assumption
[novelty at gen 5]
[gen 6/5] add_term
[novelty at gen 6]
[gen 7/5] change_assumption
      retry 1: EvolvedEquationValidationError: ODE symbols declared but unused by every state RHS: omega0_sq
      retry 2: EvolvedEquationValidationError: ODE S symbols must exactly match ode_system states; got ['E_int', 'P', 'u'], expected ['E_int', 'P', 'T_exc', 'u']
      retry 3: EvolvedEquationValidationError: ODE symbols declared but unused by every state RHS: kappa_th
[novelty at gen 7]
[gen 8/5] add_term
[novelty at gen 8]
[gen 9/5] add_term
[novelty at gen 9]
[gen 10/5] change_assumption
      retry 1: EvolvedEquationValidationError: ODE systems must contain 1-4 states
[novelty at gen 10]
[gen 11/5] add_term
[novelty at gen 11]
[gen 12/5] change_assumption
      retry 1: EvolvedEquationValidationError: ODE systems must contain 1-4 states
[novelty at gen 12]
[gen 13/5] add_term
[novelty at gen 13]
[gen 14/5] add_term
[novelty at gen 14]
[gen 15/5] change_assumption
      retry 1: EvolvedEquationValidationError: ODE systems must contain 1-4 states
[novelty at gen 15]

[lineage attempt 4/4]
[gen 1/5] change_assumption
      retry 1: EvolvedEquationValidationError: missing suggested range for new symbols: E
[gen 2/5] add_term
[gen 3/5] change_assumption
[gen 4/5] change_assumption
[gen 5/5] add_term
[novelty at gen 5]
[gen 6/5] change_assumption
      retry 1: EvolvedEquationValidationError: ODE systems must contain 1-4 states
      retry 2: EvolvedEquationValidationError: ODE symbols declared but unused by every state RHS: kappa_th
[novelty at gen 6]
[gen 7/5] add_term
[novelty at gen 7]
[gen 8/5] change_assumption
      retry 1: EvolvedEquationValidationError: ODE systems must contain 1-4 states
[novelty at gen 8]
[gen 9/5] add_term
[novelty at gen 9]
[gen 10/5] add_term
[novelty at gen 10]
[gen 11/5] change_assumption
      retry 1: EvolvedEquationValidationError: ODE systems must contain 1-4 states
      retry 2: EvolvedEquationValidationError: state 'u' RHS uses undeclared/non-state symbols: Q_scr
      retry 3: EvolvedEquationValidationError: ODE systems must contain 1-4 states
REJECT pipeline error: EvolvedEquationValidationError: state 'u' RHS uses undeclared/non-state symbols: g_damp
No acceptable final task after 4 full lineages. Audit: /data1/SRBench_fresh/outputs/Candidate_Equations/candidate_m2_condensed_matter_physics_0_009_20260826-163049/lineage_attempts.jsonl
