
[lineage attempt 1/4]
[gen 1/5] add_term
[gen 2/5] add_term
[gen 3/5] change_assumption
[gen 4/5] change_assumption
      retry 1: EvolvedEquationValidationError: static equations must have 1-4 V inputs
      retry 2: EvolvedEquationValidationError: static equations must have 1-4 V inputs
      retry 3: EvolvedEquationValidationError: static equations must have 1-4 V inputs
REJECT pipeline error: EvolvedEquationValidationError: static equations must have 1-4 V inputs

[lineage attempt 2/4]
[gen 1/5] add_term
[gen 2/5] change_assumption
[gen 3/5] add_term
[gen 4/5] change_assumption
      retry 1: EvolvedEquationValidationError: static equations must have 1-4 V inputs
      retry 2: EvolvedEquationValidationError: static equations must have 1-4 V inputs
      retry 3: EvolvedEquationValidationError: static equations must have 1-4 V inputs
REJECT pipeline error: EvolvedEquationValidationError: static equations must have 1-4 V inputs

[lineage attempt 3/4]
[gen 1/5] change_assumption
[gen 2/5] add_term
[gen 3/5] add_term
[gen 4/5] add_term
[gen 5/5] change_assumption
      retry 1: EvolvedEquationValidationError: static equations must have 1-4 V inputs
      retry 2: EvolvedEquationValidationError: static equations must have 1-4 V inputs
      retry 3: EvolvedEquationValidationError: symbols declared but not used in expression: v_wind
REJECT pipeline error: EvolvedEquationValidationError: static equations must have 1-4 V inputs

[lineage attempt 4/4]
[gen 1/5] add_term
[gen 2/5] add_term
[gen 3/5] change_assumption
[gen 4/5] add_term
[gen 5/5] add_term
[novelty at gen 5]
      [spec] analyze_expression -> explicit
      [spec] check_substitution -> ok
      [spec] check_substitution -> ok
      [spec] auto_balance -> converged=True; weak=0; changed=[]
      [spec] excitation_check -> new_term x12.064107198313863; weak=0
      [spec] emit -> explicit -> evaluate_explicit
CANDIDATE: 5000 points generated; /data1/SRBench_fresh/outputs/Candidate_Equations/candidate_m2_classical_mechanics_0_002_20260826-161720
