
[lineage attempt 1/4]
[gen 1/5] add_term
      retry 1: EvolvedEquationValidationError: add_term must not add/remove V inputs
      retry 2: EvolvedEquationValidationError: add_term must not add/remove V inputs
[gen 2/5] add_term
[gen 3/5] change_assumption
[gen 4/5] change_assumption
      retry 1: EvolvedEquationValidationError: static equations must have 1-4 V inputs
      retry 2: EvolvedEquationValidationError: condition_promotion must add exactly one V input
      retry 3: EvolvedEquationValidationError: static equations must have 1-4 V inputs
REJECT pipeline error: EvolvedEquationValidationError: condition_promotion must add exactly one V input

[lineage attempt 2/4]
[gen 1/5] add_term
[gen 2/5] change_assumption
      retry 1: EvolvedEquationValidationError: condition_promotion must add exactly one V input
[gen 3/5] add_term
[gen 4/5] change_assumption
      retry 1: EvolvedEquationValidationError: static equations must have 1-4 V inputs
      retry 2: EvolvedEquationValidationError: condition_promotion must add exactly one V input
[gen 5/5] change_assumption
      retry 1: EvolvedEquationValidationError: static equations must have 1-4 V inputs
[novelty at gen 5]
      [spec] analyze_expression -> explicit
      [spec] check_substitution -> ok
      [spec] auto_balance -> converged=True; weak=0; changed=[]
      [spec] emit REJECTED -> run excitation_check first
      [spec] excitation_check -> new_term x19.756114974944673; weak=0
      [spec] emit -> explicit -> evaluate_explicit
CANDIDATE: 5000 points generated; /data1/SRBench_fresh/outputs/Candidate_Equations/candidate_m2_electromagnetism_0_008_20260826-161206
