
[lineage attempt 1/4]
[gen 1/5] add_term
[gen 2/5] add_term
[gen 3/5] change_assumption
      retry 1: EvolvedEquationValidationError: missing suggested range for new symbols: phi
[gen 4/5] change_assumption
[gen 5/5] add_term
[novelty at gen 5]
[gen 6/5] change_assumption
      retry 1: EvolvedEquationValidationError: symbols / symbol_descriptions / symbol_properties must have the same length
[novelty at gen 6]
[gen 7/5] add_term
[novelty at gen 7]
[gen 8/5] change_assumption
[novelty at gen 8]
[gen 9/5] change_assumption
      retry 1: EvolvedEquationValidationError: expression must exactly equal the target state's RHS
[novelty at gen 9]
[gen 10/5] add_term
      retry 1: EvolvedEquationValidationError: expression must exactly equal the target state's RHS
[novelty at gen 10]
[gen 11/5] add_term
      retry 1: EvolvedEquationValidationError: expression must exactly equal the target state's RHS
      retry 2: EvolvedEquationValidationError: expression must exactly equal the target state's RHS
      retry 3: EvolvedEquationValidationError: expression must exactly equal the target state's RHS
REJECT pipeline error: EvolvedEquationValidationError: expression must exactly equal the target state's RHS

[lineage attempt 2/4]
[gen 1/5] add_term
[gen 2/5] change_assumption
[gen 3/5] add_term
[gen 4/5] add_term
[gen 5/5] change_assumption
[novelty at gen 5]
      [spec] analyze_expression -> explicit
      [spec] check_substitution -> ok
      [spec] excitation_check -> new_term x12.039817785250975
      [spec] emit -> ode_system -> integrate_system
CANDIDATE: 5000 points generated; /data1/SRBench_fresh/outputs/Candidate_Equations/candidate_m2_electromagnetism_0_003_20260826-160757
