
[lineage attempt 1/4]
[gen 1/5] add_term
[gen 2/5] add_term
[gen 3/5] change_assumption
      retry 1: EvolvedEquationValidationError: static equations must have 1-4 V inputs
      retry 2: EvolvedEquationValidationError: static equations must have 1-4 V inputs
      retry 3: EvolvedEquationValidationError: static equations must have 1-4 V inputs
REJECT pipeline error: EvolvedEquationValidationError: static equations must have 1-4 V inputs

[lineage attempt 2/4]
[gen 1/5] change_assumption
[gen 2/5] add_term
[gen 3/5] change_assumption
      retry 1: EvolvedEquationValidationError: static equations must have 1-4 V inputs
      retry 2: EvolvedEquationValidationError: static equations must have 1-4 V inputs
      retry 3: EvolvedEquationValidationError: symbols / symbol_descriptions / symbol_properties must have the same length
REJECT pipeline error: EvolvedEquationValidationError: symbols / symbol_descriptions / symbol_properties must have the same length

[lineage attempt 3/4]
[gen 1/5] add_term
[gen 2/5] change_assumption
[gen 3/5] change_assumption
      retry 1: EvolvedEquationValidationError: static equations must have 1-4 V inputs
      retry 2: EvolvedEquationValidationError: static equations must have 1-4 V inputs
      retry 3: EvolvedEquationValidationError: static equations must have 1-4 V inputs
REJECT pipeline error: EvolvedEquationValidationError: static equations must have 1-4 V inputs

[lineage attempt 4/4]
[gen 1/5] add_term
[gen 2/5] add_term
[gen 3/5] add_term
[gen 4/5] change_assumption
      retry 1: EvolvedEquationValidationError: static equations must have 1-4 V inputs
      retry 2: EvolvedEquationValidationError: static equations must have 1-4 V inputs
      retry 3: EvolvedEquationValidationError: static equations must have 1-4 V inputs
REJECT pipeline error: EvolvedEquationValidationError: static equations must have 1-4 V inputs
No acceptable final task after 4 full lineages. Audit: /data1/SRBench_fresh/outputs/Candidate_Equations/candidate_m2_fluid_dynamics_0_008_20260826-155015/lineage_attempts.jsonl
