
[lineage attempt 1/4]
[gen 1/5] add_term
[gen 2/5] add_term
[gen 3/5] change_assumption
[gen 4/5] change_assumption
[gen 5/5] add_term
[novelty at gen 5]
      [spec] analyze_expression -> explicit
      [spec] check_substitution -> ok
<lambdifygenerated-3>:2: RuntimeWarning: invalid value encountered in power
  return 11.18*(-(-1)**Z*(1 - (-1)**(A - Z))/2 + ((-1)**Z + (-1)**(A - Z) + 1)/2)/A**(7/4)
/data1/SRBench_fresh/data_spec_agent_sdk.py:856: RuntimeWarning: Mean of empty slice
  rms = float(np.sqrt(np.nanmean(vals ** 2)))
<lambdifygenerated-12>:2: RuntimeWarning: invalid value encountered in power
  return -23.7*A**(-2 - 1/3)*(A - 2*Z)**2 + 15.75 - 23.7*(A - 2*Z)**2/A**2 - 10.0*(A - 2*Z)**2*exp(-0.0025*(A - 120.0)**2)/A**2 - 0.001*Z**2*(Z - 1)**2/A**3 + 8.9*beta2**2/A**(1/3) - 17.8/A**(1/3) - 2.0*exp(-0.0025*(A - 120.0)**2)/A**(1/3) - 0.3555*Z*beta2**2*(Z - 1)/A**(4/3) - 0.711*Z*(Z - 1)/A**(4/3) + 11.18*(-(-1)**Z*(1 - (-1)**(A - Z))/2 + ((-1)**Z + (-1)**(A - Z) + 1)/2)/A**(7/4)
<lambdifygenerated-13>:2: RuntimeWarning: invalid value encountered in power
  return -23.7*A**(-2 - 1/3)*(A - 2*Z)**2 + 15.75 - 23.7*(A - 2*Z)**2/A**2 - 0.001*Z**2*(Z - 1)**2/A**3 + 8.9*beta2**2/A**(1/3) - 17.8/A**(1/3) - 2.0*exp(-0.0025*(A - 120.0)**2)/A**(1/3) - 0.3555*Z*beta2**2*(Z - 1)/A**(4/3) - 0.711*Z*(Z - 1)/A**(4/3) + 11.18*(-(-1)**Z*(1 - (-1)**(A - Z))/2 + ((-1)**Z + (-1)**(A - Z) + 1)/2)/A**(7/4)
/data1/SRBench_fresh/data_spec_agent_sdk.py:877: RuntimeWarning: All-NaN slice encountered
  max_eff = float(np.nanmax(dv))
<lambdifygenerated-16>:2: RuntimeWarning: invalid value encountered in power
  return 11.18*(-(-1)**Z*(1 - (-1)**(A - Z))/2 + ((-1)**Z + (-1)**(A - Z) + 1)/2)/A**(7/4)
<lambdifygenerated-25>:2: RuntimeWarning: invalid value encountered in power
  return -23.7*A**(-2 - 1/3)*(A - 2*Z)**2 + 15.75 - 23.7*(A - 2*Z)**2/A**2 - 10.0*(A - 2*Z)**2*exp(-0.0025*(A - 120.0)**2)/A**2 - 0.001*Z**2*(Z - 1)**2/A**3 + 36.2774141866877*beta2**2/A**(1/3) - 72.5548283733753/A**(1/3) - 2.0*exp(-0.0025*(A - 120.0)**2)/A**(1/3) - 0.3555*Z*beta2**2*(Z - 1)/A**(4/3) - 0.711*Z*(Z - 1)/A**(4/3) + 11.18*(-(-1)**Z*(1 - (-1)**(A - Z))/2 + ((-1)**Z + (-1)**(A - Z) + 1)/2)/A**(7/4)
<lambdifygenerated-26>:2: RuntimeWarning: invalid value encountered in power
  return -23.7*A**(-2 - 1/3)*(A - 2*Z)**2 + 15.75 - 23.7*(A - 2*Z)**2/A**2 - 0.001*Z**2*(Z - 1)**2/A**3 + 36.2774141866877*beta2**2/A**(1/3) - 72.5548283733753/A**(1/3) - 2.0*exp(-0.0025*(A - 120.0)**2)/A**(1/3) - 0.3555*Z*beta2**2*(Z - 1)/A**(4/3) - 0.711*Z*(Z - 1)/A**(4/3) + 11.18*(-(-1)**Z*(1 - (-1)**(A - Z))/2 + ((-1)**Z + (-1)**(A - Z) + 1)/2)/A**(7/4)
      [spec] auto_balance -> converged=False; weak=1; changed=['a_S']
<lambdifygenerated-29>:2: RuntimeWarning: invalid value encountered in power
  return 11.18*(-(-1)**Z*(1 - (-1)**(A - Z))/2 + ((-1)**Z + (-1)**(A - Z) + 1)/2)/A**(7/4)
<lambdifygenerated-38>:2: RuntimeWarning: invalid value encountered in power
  return -23.7*A**(-2 - 1/3)*(A - 2*Z)**2 + 15.75 - 23.7*(A - 2*Z)**2/A**2 - 10.0*(A - 2*Z)**2*exp(-0.0025*(A - 120.0)**2)/A**2 - 0.001*Z**2*(Z - 1)**2/A**3 + 8.9*beta2**2/A**(1/3) - 17.8/A**(1/3) - 4.0*exp(-0.0025*(A - 120.0)**2)/A**(1/3) - 0.3555*Z*beta2**2*(Z - 1)/A**(4/3) - 0.711*Z*(Z - 1)/A**(4/3) + 11.18*(-(-1)**Z*(1 - (-1)**(A - Z))/2 + ((-1)**Z + (-1)**(A - Z) + 1)/2)/A**(7/4)
<lambdifygenerated-39>:2: RuntimeWarning: invalid value encountered in power
  return -23.7*A**(-2 - 1/3)*(A - 2*Z)**2 + 15.75 - 23.7*(A - 2*Z)**2/A**2 - 0.001*Z**2*(Z - 1)**2/A**3 + 8.9*beta2**2/A**(1/3) - 17.8/A**(1/3) - 4.0*exp(-0.0025*(A - 120.0)**2)/A**(1/3) - 0.3555*Z*beta2**2*(Z - 1)/A**(4/3) - 0.711*Z*(Z - 1)/A**(4/3) + 11.18*(-(-1)**Z*(1 - (-1)**(A - Z))/2 + ((-1)**Z + (-1)**(A - Z) + 1)/2)/A**(7/4)
      [spec] excitation_check -> new_term xNone; weak=1
<lambdifygenerated-42>:2: RuntimeWarning: invalid value encountered in power
  return 11.18*(-(-1)**Z*(1 - (-1)**(A - Z))/2 + ((-1)**Z + (-1)**(A - Z) + 1)/2)/A**(7/4)
<lambdifygenerated-51>:2: RuntimeWarning: invalid value encountered in power
  return -23.7*A**(-2 - 1/3)*(A - 2*Z)**2 + 15.75 - 23.7*(A - 2*Z)**2/A**2 - 10.0*(A - 2*Z)**2*exp(-0.0025*(A - 120.0)**2)/A**2 - 0.001*Z**2*(Z - 1)**2/A**3 + 35.6*beta2**2/A**(1/3) - 17.8/A**(1/3) - 4.0*exp(-0.0025*(A - 120.0)**2)/A**(1/3) - 0.3555*Z*beta2**2*(Z - 1)/A**(4/3) - 0.711*Z*(Z - 1)/A**(4/3) + 11.18*(-(-1)**Z*(1 - (-1)**(A - Z))/2 + ((-1)**Z + (-1)**(A - Z) + 1)/2)/A**(7/4)
<lambdifygenerated-52>:2: RuntimeWarning: invalid value encountered in power
  return -23.7*A**(-2 - 1/3)*(A - 2*Z)**2 + 15.75 - 23.7*(A - 2*Z)**2/A**2 - 0.001*Z**2*(Z - 1)**2/A**3 + 35.6*beta2**2/A**(1/3) - 17.8/A**(1/3) - 4.0*exp(-0.0025*(A - 120.0)**2)/A**(1/3) - 0.3555*Z*beta2**2*(Z - 1)/A**(4/3) - 0.711*Z*(Z - 1)/A**(4/3) + 11.18*(-(-1)**Z*(1 - (-1)**(A - Z))/2 + ((-1)**Z + (-1)**(A - Z) + 1)/2)/A**(7/4)
      [spec] excitation_check -> new_term xNone; weak=0
      [spec] emit -> explicit -> evaluate_explicit
<lambdifygenerated-53>:2: RuntimeWarning: invalid value encountered in power
  return a_V - a_A*(A - 2*Z)**2/A**2 - a_Wien*(A - 2*Z)**2*exp(-(A - A_magic)**2/w_shell**2)/A**2 - Z**2*a_D*(Z - 1)**2/A**3 + a_S*a_defS*beta2**2/A**(1/3) - a_S/A**(1/3) - a_W*exp(-(A - A_magic)**2/w_shell**2)/A**(1/3) - Z*a_C*a_def*beta2**2*(Z - 1)/A**(4/3) - Z*a_C*(Z - 1)/A**(4/3) - a_A*a_surf_sym*(A - 2*Z)**2/A**(7/3) + a_P*(-1/2*(-1)**Z*(1 - (-1)**(A - Z)) + (1/2)*(-1)**Z + (1/2)*(-1)**(A - Z) + 1/2)/A**(7/4)
CANDIDATE: 5000 points generated; /data1/SRBench_fresh/outputs/Candidate_Equations/candidate_m2_nuclear_and_particle_physics_0_005_20260826-164940
