
[lineage attempt 1/4]
[gen 1/5] add_term
      retry 1: EvolvedEquationValidationError: add_term must not add/remove V inputs
      retry 2: EvolvedEquationValidationError: add_term must not add/remove V inputs
      retry 3: EvolvedEquationValidationError: add_term must not add/remove V inputs
REJECT pipeline error: EvolvedEquationValidationError: add_term must not add/remove V inputs

[lineage attempt 2/4]
[gen 1/5] add_term
[gen 2/5] change_assumption
      retry 1: EvolvedEquationValidationError: static equations must have 1-4 V inputs
[gen 3/5] change_assumption
      retry 1: EvolvedEquationValidationError: condition_promotion must add exactly one V input
      retry 2: EvolvedEquationValidationError: law_refinement cannot add/remove V inputs
      retry 3: EvolvedEquationValidationError: regime_change cannot add/remove V inputs
[gen 4/5] add_term
      retry 1: EvolvedEquationValidationError: add_term must not add/remove V inputs
      retry 2: EvolvedEquationValidationError: add_term must not add/remove V inputs
      retry 3: EvolvedEquationValidationError: add_term must not add/remove V inputs
[gen 5/5] change_assumption
      retry 1: EvolvedEquationValidationError: symbols declared but not used in expression: Gamma, Gamma_coll, P_gas
      retry 2: EvolvedEquationValidationError: static equations must have 1-4 V inputs
      retry 3: EvolvedEquationValidationError: condition_promotion must add exactly one V input
REJECT pipeline error: EvolvedEquationValidationError: condition_promotion must add exactly one V input

[lineage attempt 3/4]
[gen 1/5] add_term
[gen 2/5] change_assumption
      retry 1: EvolvedEquationValidationError: law_refinement cannot add/remove V inputs
[gen 3/5] change_assumption
      retry 1: EvolvedEquationValidationError: regime_change cannot add/remove V inputs
      retry 2: EvolvedEquationValidationError: static equations must have 1-4 V inputs
      retry 3: EvolvedEquationValidationError: static equations must have 1-4 V inputs
REJECT pipeline error: EvolvedEquationValidationError: regime_change cannot add/remove V inputs

[lineage attempt 4/4]
[gen 1/5] add_term
[gen 2/5] add_term
      retry 1: EvolvedEquationValidationError: add_term must not add/remove V inputs
[gen 3/5] add_term
[gen 4/5] change_assumption
      retry 1: EvolvedEquationValidationError: symbols declared but not used in expression: Gamma0, l_orb
      retry 2: EvolvedEquationValidationError: symbols declared but not used in expression: Gamma_r0, l_orb
[gen 5/5] add_term
[novelty at gen 5]
      [spec] analyze_expression -> explicit
      [spec] check_substitution -> ok
      [spec] auto_balance -> converged=True; weak=0; changed=['sigma0']
      [spec] excitation_check -> new_term x15.293208908763667; weak=0
      [spec] emit -> explicit -> evaluate_explicit
CANDIDATE: 5000 points generated; /data1/SRBench_fresh/outputs/Candidate_Equations/candidate_m2_nuclear_and_particle_physics_0_004_20260826-164632
