
[lineage attempt 1/4]
[gen 1/5] add_term
[gen 2/5] add_term
[gen 3/5] change_assumption
[gen 4/5] change_assumption
[gen 5/5] add_term
[novelty at gen 5]
[gen 6/5] change_assumption
[novelty at gen 6]
[gen 7/5] add_term
[novelty at gen 7]
[gen 8/5] change_assumption
[novelty at gen 8]
[gen 9/5] change_assumption
[novelty at gen 9]
[gen 10/5] add_term
[novelty at gen 10]
      [spec] analyze_expression -> explicit
      [spec] check_substitution -> ok
      [spec] excitation_check -> new_term x16.28683102858077
      [spec] emit -> ode_system -> integrate_system
CANDIDATE: 5000 points generated; /data1/SRBench_fresh/outputs/Candidate_Equations/candidate_m2_quantum_mechanics_0_007_20260826-155927
