
[lineage attempt 1/4]
[gen 1/5] add_term
      retry 1: EvolvedEquationValidationError: add_term must not add/remove V inputs
      retry 2: EvolvedEquationValidationError: add_term must not add/remove V inputs
      retry 3: EvolvedEquationValidationError: add_term must not add/remove V inputs
REJECT pipeline error: EvolvedEquationValidationError: add_term must not add/remove V inputs

[lineage attempt 2/4]
[gen 1/5] add_term
      retry 1: EvolvedEquationValidationError: add_term must not add/remove V inputs
      retry 2: EvolvedEquationValidationError: add_term must not add/remove V inputs
      retry 3: EvolvedEquationValidationError: add_term must not add/remove V inputs
REJECT pipeline error: EvolvedEquationValidationError: add_term must not add/remove V inputs

[lineage attempt 3/4]
[gen 1/5] change_assumption
      retry 1: EvolvedEquationValidationError: regime_change cannot add/remove V inputs
      retry 2: EvolvedEquationValidationError: law_refinement cannot add/remove V inputs
      retry 3: EvolvedEquationValidationError: regime_change cannot add/remove V inputs
REJECT pipeline error: EvolvedEquationValidationError: law_refinement cannot add/remove V inputs

[lineage attempt 4/4]
[gen 1/5] change_assumption
      retry 1: EvolvedEquationValidationError: condition_promotion must add exactly one V input
      retry 2: EvolvedEquationValidationError: condition_promotion must add exactly one V input
      retry 3: EvolvedEquationValidationError: condition_promotion must add exactly one V input
REJECT pipeline error: EvolvedEquationValidationError: condition_promotion must add exactly one V input
No acceptable final task after 4 full lineages. Audit: /data1/SRBench_fresh/outputs/Candidate_Equations/candidate_m2_quantum_mechanics_0_008_20260826-160135/lineage_attempts.jsonl
