
[lineage attempt 1/4]
[gen 1/5] add_term
[gen 2/5] add_term
[gen 3/5] change_assumption
      retry 1: EvolvedEquationValidationError: state_augmentation must add exactly one S state
      retry 2: EvolvedEquationValidationError: state_augmentation must add exactly one S state
      retry 3: EvolvedEquationValidationError: ODE symbols declared but unused by every state RHS: hbar, m
REJECT pipeline error: EvolvedEquationValidationError: state_augmentation must add exactly one S state

[lineage attempt 2/4]
[gen 1/5] change_assumption
[gen 2/5] add_term
[gen 3/5] change_assumption
      retry 1: EvolvedEquationValidationError: state_augmentation must add exactly one S state
      retry 2: EvolvedEquationValidationError: ODE symbols declared but unused by every state RHS: hbar, m
      retry 3: EvolvedEquationValidationError: state_augmentation must add exactly one S state
[gen 4/5] add_term
[gen 5/5] change_assumption
      retry 1: EvolvedEquationValidationError: state_augmentation must add exactly one S state
      retry 2: EvolvedEquationValidationError: state_augmentation must add exactly one S state
[novelty at gen 5]
      [spec] analyze_expression -> explicit
      [spec] check_substitution -> ok
      [spec] excitation_check -> new_term x12597.785512717888
      [spec] emit -> ode_system -> integrate_system
CANDIDATE: 5000 points generated; /data1/SRBench_fresh/outputs/Candidate_Equations/candidate_m2_quantum_mechanics_0_004_20260826-155733
