
[lineage attempt 1/4]
[gen 1/5] add_term
[gen 2/5] add_term
[gen 3/5] change_assumption
[gen 4/5] change_assumption
[gen 5/5] add_term
[novelty at gen 5]
      [spec] analyze_expression -> implicit_or_explicit
      [spec] check_substitution -> ok
      [spec] auto_balance -> converged=True; weak=0; changed=[]
      [spec] excitation_check -> new_term xNone; weak=0
      [spec] check_substitution -> ok
      [spec] check_substitution -> ok
      [spec] check_substitution -> ok
      [spec] emit -> implicit -> root_solve_implicit
<lambdifygenerated-17>:2: RuntimeWarning: invalid value encountered in sqrt
  return Eb**(3/2)*alpha/(-Eb + V) + sqrt(Eb)*eta*tanh(sqrt(Eb)/(chi*sqrt(-Eb + V))) + sqrt(Eb) + Eb*Vedge*delta*(1 - exp(-sqrt(2)*L*lambda_edge*sqrt(m*(-Eb + V))/hbar))/(-Eb + V) + Eb*beta*exp(-sqrt(2)*L*sqrt(Eb*m)/hbar) + Eb + gamma*(sqrt(Eb) - sqrt(Eb + (1/2)*hbar**2*kappa2**2/m)) - sqrt(-Eb + V)*tan((1/2)*sqrt(2)*L*sqrt(m*(-Eb + V))/hbar)
/data1/SRBench_fresh/data_generator/generate_from_spec.py:246: RuntimeWarning: The iteration is not making good progress, as measured by the 
 improvement from the last ten iterations.
  root = fsolve(lambda d: g(d[0], *xs, *pv), x0=[guess], full_output=False)
CANDIDATE: 5000 points generated; /data1/SRBench_fresh/outputs/Candidate_Equations/candidate_m2_quantum_mechanics_0_006_20260826-155811
