
[lineage attempt 1/4]
[gen 1/5] add_term
[gen 2/5] add_term
[gen 3/5] change_assumption
      retry 1: EvolvedEquationValidationError: law_refinement cannot add/remove V inputs
      retry 2: EvolvedEquationValidationError: law_refinement cannot add/remove V inputs
      retry 3: EvolvedEquationValidationError: law_refinement cannot add/remove V inputs
REJECT pipeline error: EvolvedEquationValidationError: law_refinement cannot add/remove V inputs

[lineage attempt 2/4]
[gen 1/5] change_assumption
[gen 2/5] add_term
[gen 3/5] change_assumption
[gen 4/5] add_term
[gen 5/5] change_assumption
[novelty at gen 5]
      [spec] analyze_expression -> explicit
      [spec] check_substitution -> ok
      [spec] excitation_check -> new_term x9.645931327779362; weak=0
      [spec] emit -> explicit -> evaluate_explicit
CANDIDATE: 5000 points generated; /data1/SRBench_fresh/outputs/Candidate_Equations/candidate_m2_statistical_mechanics_and_thermodynamics_0_008_20260826-163828
