
[lineage attempt 1/4]
[gen 1/5] add_term
[gen 2/5] add_term
[gen 3/5] change_assumption
[gen 4/5] change_assumption
[gen 5/5] add_term
[novelty at gen 5]
      [spec] analyze_expression -> explicit
      [spec] check_substitution -> ok
<lambdifygenerated-1>:2: RuntimeWarning: invalid value encountered in power
  return 1.0*(1 - 4.53999297624849e-6*exp(0.1*T))*(0.1*H*(1 - 0.01*T)**(-0.35) + 1)**0.208333333333333*(-0.01*T/(0.05*P + 1) + 1)**0.35*(-0.03*H*(1 - 0.01*T)**(-0.35)/(0.1*H*(1 - 0.01*T)**(-0.35) + 1) + 1)*(0.1*(1 - 0.01*T)**0.5 + 1)*(0.01*P**2 + 0.05*P + 1)
<lambdifygenerated-2>:2: RuntimeWarning: invalid value encountered in power
  return 1.0*(1 - 4.53999297624849e-6*exp(0.1*T))*(0.1*H*(1 - 0.01*T)**(-0.35) + 1)**0.208333333333333*(-0.01*T/(0.05*P + 1) + 1)**0.35*(-0.03*H*(1 - 0.01*T)**(-0.35)/(0.1*H*(1 - 0.01*T)**(-0.35) + 1) + 1)*(0.1*(1 - 0.01*T)**0.5 + 1)*(0.01*P**2 + 0.05*P + 1)
<lambdifygenerated-3>:2: RuntimeWarning: invalid value encountered in power
  return 1.0*(1 - 4.53999297624849e-6*exp(0.1*T))*(0.1*H*(1 - 0.01*T)**(-0.35) + 1)**0.208333333333333*(-0.01*T/(0.05*P + 1) + 1)**0.35*(0.1*(1 - 0.01*T)**0.5 + 1)*(0.01*P**2 + 0.05*P + 1)
      [spec] excitation_check -> new_term x20.915828745814192; weak=0
      [spec] emit -> explicit -> evaluate_explicit
<lambdifygenerated-4>:2: RuntimeWarning: invalid value encountered in power
  return m0*(a_corr*(-T/Tc + 1)**Delta + 1)*(-w_fluc*exp((T/Tc - 1)/t_cross) + 1)*(-T/(Tc*(kappa_p*(P - P_ref) + 1)) + 1)**beta*(H*chi_H*(-T/Tc + 1)**(-beta)/m0 + 1)**(delta_H**(-1.0))*(-H*b_demag*chi_H*(-T/Tc + 1)**(-beta)/(m0*(H*chi_H*(-T/Tc + 1)**(-beta)/m0 + 1)) + 1)*(gamma_p*(P - P_ref) + gamma_p2*(P - P_ref)**2 + 1)
CANDIDATE: 5000 points generated; /data1/SRBench_fresh/outputs/Candidate_Equations/candidate_m2_statistical_mechanics_and_thermodynamics_0_006_20260826-163714
