
[lineage attempt 1/4]
[gen 1/5] add_term
[gen 2/5] add_term
[gen 3/5] change_assumption
[gen 4/5] change_assumption
[gen 5/5] add_term
[novelty at gen 5]
      [spec] analyze_expression -> implicit_or_explicit
      [spec] check_substitution -> ok
      [spec] excitation_check -> new_term x25.046687389393195
REJECT pipeline error: SpecAgentError: agent finished without a valid spec (turns=5)

[lineage attempt 2/4]
[gen 1/5] change_assumption
[gen 2/5] add_term
[gen 3/5] change_assumption
      retry 1: EvolvedEquationValidationError: missing suggested range for new symbols: a_int
[gen 4/5] change_assumption
[gen 5/5] add_term
[novelty at gen 5]
      [spec] analyze_expression -> implicit_or_explicit
      [spec] excitation_check -> new_term x7.278070279102136
      [spec] emit -> ode_system -> integrate_system
CANDIDATE: 5000 points generated; /data1/SRBench_fresh/outputs/Candidate_Equations/candidate_m2_fluid_dynamics_0_000_20260826-153327
