[physics] 69 candidate(s) to run, 5 at a time
OK m2_fluid_dynamics_0_005
OK m2_fluid_dynamics_0_003
OK m2_fluid_dynamics_0_001
OK m2_fluid_dynamics_0_004
OK m2_fluid_dynamics_0_006
OK m2_fluid_dynamics_0_002
OK m2_fluid_dynamics_0_009
OK m2_fluid_dynamics_0_007
FAIL m2_fluid_dynamics_0_008
OK m2_quantum_mechanics_0_000
OK m2_quantum_mechanics_0_001
OK m2_quantum_mechanics_0_002
OK m2_quantum_mechanics_0_003
OK m2_quantum_mechanics_0_004
OK m2_quantum_mechanics_0_006
OK m2_quantum_mechanics_0_007
FAIL m2_quantum_mechanics_0_008
OK m2_electromagnetism_0_000
OK m2_quantum_mechanics_0_009
OK m2_electromagnetism_0_001
OK m2_electromagnetism_0_002
OK m2_quantum_mechanics_0_005
OK m2_electromagnetism_0_004
OK m2_electromagnetism_0_005
OK m2_electromagnetism_0_007
OK m2_electromagnetism_0_006
OK m2_electromagnetism_0_009
OK m2_electromagnetism_0_003
OK m2_classical_mechanics_0_001
OK m2_electromagnetism_0_008
OK m2_classical_mechanics_0_000
OK m2_classical_mechanics_0_003
OK m2_classical_mechanics_0_004
OK m2_classical_mechanics_0_005
OK m2_classical_mechanics_0_006
OK m2_classical_mechanics_0_007
OK m2_classical_mechanics_0_002
OK m2_classical_mechanics_0_008
OK m2_classical_mechanics_0_009
OK m2_condensed_matter_physics_0_000
OK m2_condensed_matter_physics_0_001
OK m2_condensed_matter_physics_0_006
OK m2_condensed_matter_physics_0_002
OK m2_condensed_matter_physics_0_004
OK m2_condensed_matter_physics_0_007
OK m2_condensed_matter_physics_0_008
OK m2_statistical_mechanics_and_thermodynamics_0_000
OK m2_statistical_mechanics_and_thermodynamics_0_001
OK m2_statistical_mechanics_and_thermodynamics_0_002
OK m2_statistical_mechanics_and_thermodynamics_0_003
OK m2_statistical_mechanics_and_thermodynamics_0_004
OK m2_statistical_mechanics_and_thermodynamics_0_005
OK m2_statistical_mechanics_and_thermodynamics_0_006
OK m2_statistical_mechanics_and_thermodynamics_0_007
OK m2_nuclear_and_particle_physics_0_000
OK m2_nuclear_and_particle_physics_0_001
OK m2_statistical_mechanics_and_thermodynamics_0_008
OK m2_nuclear_and_particle_physics_0_003
OK m2_nuclear_and_particle_physics_0_002
OK m2_statistical_mechanics_and_thermodynamics_0_009
OK m2_nuclear_and_particle_physics_0_005
OK m2_nuclear_and_particle_physics_0_004
OK m2_nuclear_and_particle_physics_0_006
OK m2_nuclear_and_particle_physics_0_009
OK m2_nuclear_and_particle_physics_0_007
OK m2_condensed_matter_physics_0_011
FAIL m2_condensed_matter_physics_0_009
OK m2_condensed_matter_physics_0_012
FAIL m2_nuclear_and_particle_physics_0_008
