[biology] 69 candidate(s) to run, 5 at a time
OK m2_cell_biology_and_signaling_0_004
OK m2_cell_biology_and_signaling_0_001
OK m2_cell_biology_and_signaling_0_003
OK m2_cell_biology_and_signaling_0_002
OK m2_cell_biology_and_signaling_0_005
OK m2_cell_biology_and_signaling_0_006
OK m2_cell_biology_and_signaling_0_008
OK m2_cell_biology_and_signaling_0_007
OK m2_cell_biology_and_signaling_0_009
OK m2_neuroscience_and_neural_dynamics_0_001
OK m2_neuroscience_and_neural_dynamics_0_000
FAIL m2_neuroscience_and_neural_dynamics_0_002
OK m2_neuroscience_and_neural_dynamics_0_003
OK m2_neuroscience_and_neural_dynamics_0_004
OK m2_neuroscience_and_neural_dynamics_0_007
OK m2_neuroscience_and_neural_dynamics_0_006
FAIL m2_neuroscience_and_neural_dynamics_0_005
FAIL m2_enzyme_kinetics_and_biochemistry_0_000
OK m2_neuroscience_and_neural_dynamics_0_009
OK m2_neuroscience_and_neural_dynamics_0_008
FAIL m2_enzyme_kinetics_and_biochemistry_0_001
OK m2_enzyme_kinetics_and_biochemistry_0_003
OK m2_enzyme_kinetics_and_biochemistry_0_004
FAIL m2_enzyme_kinetics_and_biochemistry_0_006
OK m2_enzyme_kinetics_and_biochemistry_0_005
FAIL m2_enzyme_kinetics_and_biochemistry_0_009
OK m2_enzyme_kinetics_and_biochemistry_0_002
OK m2_population_ecology_0_002
OK m2_enzyme_kinetics_and_biochemistry_0_007
OK m2_population_ecology_0_000
OK m2_population_ecology_0_003
OK m2_population_ecology_0_004
OK m2_population_ecology_0_001
OK m2_population_ecology_0_005
OK m2_population_ecology_0_006
OK m2_population_ecology_0_007
OK m2_population_ecology_0_008
OK m2_epidemiology_and_disease_dynamics_0_002
OK m2_epidemiology_and_disease_dynamics_0_001
OK m2_epidemiology_and_disease_dynamics_0_000
OK m2_population_ecology_0_009
OK m2_epidemiology_and_disease_dynamics_0_003
OK m2_epidemiology_and_disease_dynamics_0_005
OK m2_epidemiology_and_disease_dynamics_0_006
OK m2_epidemiology_and_disease_dynamics_0_004
OK m2_epidemiology_and_disease_dynamics_0_007
OK m2_epidemiology_and_disease_dynamics_0_008
OK m2_epidemiology_and_disease_dynamics_0_009
OK m2_genetics_and_population_genetics_0_002
OK m2_genetics_and_population_genetics_0_001
OK m2_genetics_and_population_genetics_0_000
OK m2_genetics_and_population_genetics_0_003
OK m2_genetics_and_population_genetics_0_006
OK m2_genetics_and_population_genetics_0_004
OK m2_genetics_and_population_genetics_0_005
OK m2_genetics_and_population_genetics_0_008
OK m2_genetics_and_population_genetics_0_007
OK m2_physiology_and_homeostasis_0_000
OK m2_genetics_and_population_genetics_0_009
OK m2_physiology_and_homeostasis_0_001
OK m2_physiology_and_homeostasis_0_002
OK m2_physiology_and_homeostasis_0_003
OK m2_physiology_and_homeostasis_0_004
OK m2_physiology_and_homeostasis_0_006
OK m2_physiology_and_homeostasis_0_007
OK m2_physiology_and_homeostasis_0_009
OK m2_physiology_and_homeostasis_0_008
FAIL m2_enzyme_kinetics_and_biochemistry_0_010
OK m2_physiology_and_homeostasis_0_005
