
[lineage attempt 1/4]
[gen 1/5] add_term
[gen 2/5] add_term
[gen 3/5] change_assumption
      retry 1: EvolvedEquationValidationError: expression must exactly equal the target state's RHS
      retry 2: EvolvedEquationValidationError: expression must exactly equal the target state's RHS
      retry 3: EvolvedEquationValidationError: ODE S symbols must exactly match ode_system states; got ['I', 'K'], expected ['C', 'I', 'K']
REJECT pipeline error: EvolvedEquationValidationError: missing suggested range for new symbols: C

[lineage attempt 2/4]
[gen 1/5] change_assumption
[gen 2/5] add_term
[gen 3/5] change_assumption
[gen 4/5] add_term
      retry 1: EvolvedEquationValidationError: symbols / symbol_descriptions / symbol_properties must have the same length
[gen 5/5] change_assumption
      retry 1: EvolvedEquationValidationError: ODE S symbols must exactly match ode_system states; got ['I', 'K'], expected ['C', 'I', 'K']
      retry 2: EvolvedEquationValidationError: missing suggested range for new symbols: C
[novelty at gen 5]
      [spec] analyze_expression -> implicit_or_explicit
      [spec] check_substitution -> ok
      [spec] excitation_check -> err
      [spec] excitation_check -> new_term x19.431279624382004
      [spec] emit -> ode_system -> integrate_system
CANDIDATE: 5000 points generated; /data1/SRBench_fresh/outputs/Candidate_Equations/candidate_m2_cell_biology_and_signaling_0_002_20260826-154504
