
[lineage attempt 1/4]
[gen 1/5] add_term
      retry 1: EvolvedEquationValidationError: add_term must not add/remove V inputs
      retry 2: EvolvedEquationValidationError: add_term must not add/remove V inputs
      retry 3: EvolvedEquationValidationError: add_term must not add/remove V inputs
REJECT pipeline error: EvolvedEquationValidationError: add_term must not add/remove V inputs

[lineage attempt 2/4]
[gen 1/5] add_term
      retry 1: EvolvedEquationValidationError: add_term must not add/remove V inputs
      retry 2: EvolvedEquationValidationError: add_term must not add/remove V inputs
      retry 3: EvolvedEquationValidationError: add_term must not add/remove V inputs
REJECT pipeline error: EvolvedEquationValidationError: add_term must not add/remove V inputs

[lineage attempt 3/4]
[gen 1/5] change_assumption
      retry 1: EvolvedEquationValidationError: missing suggested range for new symbols: Km_app
      retry 2: EvolvedEquationValidationError: law_refinement cannot add/remove V inputs
      retry 3: EvolvedEquationValidationError: regime_change cannot add/remove V inputs
REJECT pipeline error: EvolvedEquationValidationError: law_refinement cannot add/remove V inputs

[lineage attempt 4/4]
[gen 1/5] change_assumption
      retry 1: EvolvedEquationValidationError: law_refinement cannot add/remove V inputs
      retry 2: EvolvedEquationValidationError: law_refinement cannot add/remove V inputs
      retry 3: EvolvedEquationValidationError: law_refinement cannot add/remove V inputs
REJECT pipeline error: EvolvedEquationValidationError: law_refinement cannot add/remove V inputs
No acceptable final task after 4 full lineages. Audit: /data1/SRBench_fresh/outputs/Candidate_Equations/candidate_m2_enzyme_kinetics_and_biochemistry_0_000_20260826-160111/lineage_attempts.jsonl
