
[lineage attempt 1/4]
[gen 1/5] add_term
[gen 2/5] add_term
[gen 3/5] change_assumption
      retry 1: EvolvedEquationValidationError: symbols declared but not used in expression: K0, L_all, gamma_all
[gen 4/5] change_assumption
      retry 1: EvolvedEquationValidationError: condition_promotion must add exactly one V input
      retry 2: EvolvedEquationValidationError: condition_promotion must add exactly one V input
[gen 5/5] add_term
      retry 1: EvolvedEquationValidationError: add_term must not add/remove V inputs
      retry 2: EvolvedEquationValidationError: add_term must not add/remove V inputs
      retry 3: EvolvedEquationValidationError: add_term must not add/remove V inputs
REJECT pipeline error: EvolvedEquationValidationError: add_term must not add/remove V inputs

[lineage attempt 2/4]
[gen 1/5] change_assumption
[gen 2/5] add_term
      retry 1: EvolvedEquationValidationError: new_symbol_range_suggestions contains non-new symbols: K
[gen 3/5] change_assumption
[gen 4/5] change_assumption
[gen 5/5] add_term
      retry 1: EvolvedEquationValidationError: static equations must have 1-4 V inputs
      retry 2: EvolvedEquationValidationError: static equations must have 1-4 V inputs
      retry 3: EvolvedEquationValidationError: static equations must have 1-4 V inputs
REJECT pipeline error: EvolvedEquationValidationError: static equations must have 1-4 V inputs

[lineage attempt 3/4]
[gen 1/5] add_term
      retry 1: EvolvedEquationValidationError: add_term must not add/remove V inputs
[gen 2/5] add_term
      retry 1: EvolvedEquationValidationError: add_term must not add/remove V inputs
[gen 3/5] change_assumption
[gen 4/5] add_term
[gen 5/5] add_term
[novelty at gen 5]
      [spec] analyze_expression -> explicit
      [spec] check_substitution -> ok
      [spec] auto_balance -> converged=True; weak=0; changed=['alpha', 'beta']
      [spec] excitation_check -> new_term x33.29316440423362; weak=0
      [spec] emit -> explicit -> evaluate_explicit
CANDIDATE: 5000 points generated; /data1/SRBench_fresh/outputs/Candidate_Equations/candidate_m2_enzyme_kinetics_and_biochemistry_0_002_20260826-160333
