
[lineage attempt 1/4]
[gen 1/5] add_term
[gen 2/5] add_term
[gen 3/5] change_assumption
      retry 1: EvolvedEquationValidationError: state 'M' RHS uses undeclared/non-state symbols: k_conv_syn
      retry 2: EvolvedEquationValidationError: ODE symbols declared but unused by every state RHS: K_rep, n
      retry 3: EvolvedEquationValidationError: expression must exactly equal the target state's RHS
REJECT pipeline error: EvolvedEquationValidationError: state 'M' RHS uses undeclared/non-state symbols: k_synth

[lineage attempt 2/4]
[gen 1/5] change_assumption
      retry 1: EvolvedEquationValidationError: expression must exactly equal the target state's RHS
      retry 2: EvolvedEquationValidationError: ODE symbols declared but unused by every state RHS: K_rep, n
      retry 3: EvolvedEquationValidationError: ODE symbols declared but unused by every state RHS: K_rep, V_max, n
REJECT pipeline error: EvolvedEquationValidationError: missing suggested range for new symbols: C

[lineage attempt 3/4]
[gen 1/5] add_term
[gen 2/5] change_assumption
[gen 3/5] add_term
[gen 4/5] change_assumption
      retry 1: EvolvedEquationValidationError: expression must exactly equal the target state's RHS
[gen 5/5] change_assumption
      retry 1: EvolvedEquationValidationError: ODE V symbols must contain only ode_system.time_symbol
[novelty at gen 5]
      [spec] analyze_expression -> implicit_or_explicit
      [spec] excitation_check -> new_term x2.7115961764442806
      [spec] excitation_check -> new_term x35.328411663171295
      [spec] emit -> ode_system -> integrate_system
CANDIDATE: 5000 points generated; /data1/SRBench_fresh/outputs/Candidate_Equations/candidate_m2_enzyme_kinetics_and_biochemistry_0_007_20260826-160815
