
[lineage attempt 1/4]
[gen 1/5] add_term
[gen 2/5] add_term
[gen 3/5] change_assumption
[gen 4/5] change_assumption
[gen 5/5] add_term
[novelty at gen 5]
      [spec] analyze_expression -> implicit_or_explicit
      [spec] check_substitution -> ok
      [spec] excitation_check -> new_term xNone; weak=0
      [spec] check_substitution -> ok
      [spec] check_substitution -> ok
      [spec] check_substitution -> ok
      [spec] check_substitution -> ok
      [spec] check_substitution -> ok
      [spec] check_substitution -> ok
      [spec] check_substitution -> ok
      [spec] check_substitution -> ok
      [spec] emit -> implicit -> root_solve_implicit
CANDIDATE: 5000 points generated; /data1/SRBench_fresh/outputs/Candidate_Equations/candidate_m2_genetics_and_population_genetics_0_009_20260826-163503
