
[lineage attempt 1/4]
[gen 1/5] add_term
[gen 2/5] add_term
[gen 3/5] change_assumption
      retry 1: EvolvedEquationValidationError: new state RHS must couple to an existing state
      retry 2: EvolvedEquationValidationError: missing suggested range for new symbols: q_src
      retry 3: EvolvedEquationValidationError: ODE symbols declared but unused by every state RHS: q_source_init
REJECT pipeline error: EvolvedEquationValidationError: new state RHS must couple to an existing state

[lineage attempt 2/4]
[gen 1/5] change_assumption
[gen 2/5] add_term
[gen 3/5] change_assumption
[gen 4/5] add_term
[gen 5/5] change_assumption
[novelty at gen 5]
      [spec] analyze_expression -> implicit_or_explicit
      [spec] check_substitution -> ok
      [spec] excitation_check -> new_term x2.228508496645687
      [spec] excitation_check -> new_term x6.560472662838472
      [spec] emit -> ode_system -> integrate_system
CANDIDATE: 5000 points generated; /data1/SRBench_fresh/outputs/Candidate_Equations/candidate_m2_genetics_and_population_genetics_0_005_20260826-163154
