
[lineage attempt 1/4]
[gen 1/5] add_term
[gen 2/5] add_term
[gen 3/5] change_assumption
      retry 1: EvolvedEquationValidationError: condition_promotion must add exactly one V input
      retry 2: EvolvedEquationValidationError: condition_promotion must add exactly one V input
[gen 4/5] change_assumption
      retry 1: EvolvedEquationValidationError: condition_promotion must add exactly one V input
      retry 2: EvolvedEquationValidationError: boundary_change cannot add/remove V inputs
      retry 3: EvolvedEquationValidationError: boundary_change cannot add/remove V inputs
REJECT pipeline error: EvolvedEquationValidationError: law_refinement cannot add/remove V inputs

[lineage attempt 2/4]
[gen 1/5] add_term
[gen 2/5] change_assumption
      retry 1: EvolvedEquationValidationError: boundary_change cannot add/remove V inputs
      retry 2: EvolvedEquationValidationError: regime_change cannot add/remove V inputs
[gen 3/5] add_term
[gen 4/5] change_assumption
      retry 1: EvolvedEquationValidationError: law_refinement cannot add/remove V inputs
      retry 2: EvolvedEquationValidationError: symbols / symbol_descriptions / symbol_properties must have the same length
      retry 3: EvolvedEquationValidationError: boundary_change cannot add/remove V inputs
[gen 5/5] change_assumption
      retry 1: EvolvedEquationValidationError: boundary_change cannot add/remove V inputs
      retry 2: EvolvedEquationValidationError: condition_promotion must add exactly one V input
      retry 3: EvolvedEquationValidationError: symbols / symbol_descriptions / symbol_properties must have the same length
REJECT pipeline error: EvolvedEquationValidationError: boundary_change cannot add/remove V inputs

[lineage attempt 3/4]
[gen 1/5] add_term
      retry 1: EvolvedEquationValidationError: add_term must not add/remove V inputs
      retry 2: EvolvedEquationValidationError: add_term must not add/remove V inputs
      retry 3: EvolvedEquationValidationError: add_term must not add/remove V inputs
REJECT pipeline error: EvolvedEquationValidationError: add_term must not add/remove V inputs

[lineage attempt 4/4]
[gen 1/5] add_term
      retry 1: EvolvedEquationValidationError: add_term must not add/remove V inputs
      retry 2: EvolvedEquationValidationError: add_term must not add/remove V inputs
      retry 3: EvolvedEquationValidationError: add_term must not add/remove V inputs
REJECT pipeline error: EvolvedEquationValidationError: add_term must not add/remove V inputs
No acceptable final task after 4 full lineages. Audit: /data1/SRBench_fresh/outputs/Candidate_Equations/candidate_m2_neuroscience_and_neural_dynamics_0_005_20260826-155621/lineage_attempts.jsonl
