
[lineage attempt 1/4]
[gen 1/5] add_term
[gen 2/5] add_term
[gen 3/5] change_assumption
[gen 4/5] change_assumption
      retry 1: EvolvedEquationValidationError: ODE systems must contain 1-4 states
      retry 2: EvolvedEquationValidationError: ODE S symbols must exactly match ode_system states; got ['a', 'b', 'b_y', 'x', 'y'], expected ['a', 'b_y', 'x', 'y']
      retry 3: EvolvedEquationValidationError: ODE systems must contain 1-4 states
REJECT pipeline error: EvolvedEquationValidationError: state_augmentation must add exactly one S state

[lineage attempt 2/4]
[gen 1/5] add_term
[gen 2/5] change_assumption
      retry 1: EvolvedEquationValidationError: symbols / symbol_descriptions / symbol_properties must have the same length
[gen 3/5] add_term
[gen 4/5] change_assumption
[gen 5/5] change_assumption
[novelty at gen 5]
      [spec] analyze_expression -> explicit
      [spec] excitation_check -> new_term x15.932662935252651
      [spec] emit -> ode_system -> integrate_system
CANDIDATE: 5000 points generated; /data1/SRBench_fresh/outputs/Candidate_Equations/candidate_m2_neuroscience_and_neural_dynamics_0_006_20260826-155635
