
[lineage attempt 1/4]
[gen 1/5] add_term
[gen 2/5] add_term
[gen 3/5] change_assumption
[gen 4/5] change_assumption
      retry 1: EvolvedEquationValidationError: ODE time_symbol must have V role
      retry 2: EvolvedEquationValidationError: ODE symbols declared but unused by every state RHS: z_half
      retry 3: EvolvedEquationValidationError: ODE time_symbol must have V role
[gen 5/5] add_term
[novelty at gen 5]
[gen 6/5] change_assumption
      retry 1: EvolvedEquationValidationError: ODE systems must contain 1-4 states
[novelty at gen 6]
[gen 7/5] add_term
[novelty at gen 7]
[gen 8/5] change_assumption
      retry 1: EvolvedEquationValidationError: ODE systems must contain 1-4 states
[novelty at gen 8]
      [spec] analyze_expression -> explicit
      [spec] check_substitution -> ok
      [spec] excitation_check -> new_term x2.9679002795223863
      [spec] excitation_check -> new_term x6.552957273449436
      [spec] emit -> ode_system -> integrate_system
CANDIDATE: 5000 points generated; /data1/SRBench_fresh/outputs/Candidate_Equations/candidate_m2_physiology_and_homeostasis_0_005_20260826-164024
