
[lineage attempt 1/4]
[gen 1/5] add_term
[gen 2/5] add_term
[gen 3/5] change_assumption
      retry 1: EvolvedEquationValidationError: ODE V symbols must contain only ode_system.time_symbol
      retry 2: EvolvedEquationValidationError: missing suggested range for new symbols: V_p
      retry 3: EvolvedEquationValidationError: ODE V symbols must contain only ode_system.time_symbol
REJECT pipeline error: EvolvedEquationValidationError: ODE symbols declared but unused by every state RHS: V_ref

[lineage attempt 2/4]
[gen 1/5] change_assumption
[gen 2/5] add_term
[gen 3/5] change_assumption
[gen 4/5] add_term
      retry 1: EvolvedEquationValidationError: ODE time_symbol must have V role
[gen 5/5] change_assumption
      retry 1: EvolvedEquationValidationError: expression must exactly equal the target state's RHS
      retry 2: EvolvedEquationValidationError: ODE time_symbol must have V role
      retry 3: EvolvedEquationValidationError: expression must exactly equal the target state's RHS
REJECT pipeline error: EvolvedEquationValidationError: ODE S symbols must exactly match ode_system states; got ['I', 'N'], expected ['I', 'N', 'V']

[lineage attempt 3/4]
[gen 1/5] change_assumption
[gen 2/5] add_term
[gen 3/5] add_term
[gen 4/5] add_term
[gen 5/5] change_assumption
[novelty at gen 5]
      [spec] analyze_expression -> explicit
      [spec] check_substitution -> ok
      [spec] excitation_check -> new_term x6.083976959971125
      [spec] excitation_check -> new_term x6.0852487206221895
      [spec] emit -> ode_system -> integrate_system
CANDIDATE: 5000 points generated; /data1/SRBench_fresh/outputs/Candidate_Equations/candidate_m2_population_ecology_0_001_20260826-161118
